OK   003    737186 003_2025-09-16_Public_Safety_Assessment_Report.pdf
OK   004    724774 004_2025-09-16_Bail_Order.pdf
OK   005     20882 005_2025-09-16_Return_of_Electronic_Notification.pdf
OK   006    142881 006_2025-09-16_Acknowledgment_of_Firearm_Restriction.pdf
OK   007    393197 007_2025-09-16_Order_Proposed_Pretrial_Protective_Order.pdf
OK   008     20934 008_2025-09-16_Return_of_Electronic_Notification.pdf
OK   009    183354 009_2025-09-16_State_s_Notice_of_Intent_to_Seek_the_Death_Penalty.pdf
OK   010     97973 010_2025-09-16_Request_for_Designation_of_Victim_Representative.pdf
OK   011    788956 011_2025-09-16_Order_Pretrial_Protective_Order.pdf
OK   012    728301 012_2025-09-22_Initial_Appearance.pdf
OK   013     21251 013_2025-09-23_Notice_for_Case_251403576_FS_Judge_Tony_F_Graf_Jr.pdf
OK   014    206932 014_2025-09-22_Order_for_Court_Reporter.pdf
OK   015    273063 015_2025-09-22_Protection_Order_Re_Pre_Trial_and_Trial_Publicity.pdf
OK   016    129923 016_2025-09-24_Order_to_Transport.pdf
OK   017    593267 017_2025-09-24_Standing_Decorum_Order.pdf
OK   018    173914 018_2025-09-25_Affidavit_Declaration_Rule_8_Declaration_of_Kathryn_N_Nester.pdf
OK   019    154738 019_2025-09-25_Affidavit_Declaration_Rule_8_Declaration_of_Michael_N_Burt.pdf
OK   020    185498 020_2025-09-25_Affidavit_Declaration_Rule_8_Declaration_of_Richard_G_Novak.pdf
OK   022    342182 022_2025-09-25_Motion_Pro_Hac_Vice_to_Admit_Richard_G_Novak.pdf
OK   023    770303 023_2025-09-26_Order_Admitting_Michael_N_Burt_Pro_Hac_Vice.pdf
OK   024    769798 024_2025-09-27_Order_Findings_of_Fact_and_Conclusions_of_Law_Regarding_Appointment_of_Rule_8_Counsel.pdf
OK   025    770389 025_2025-09-27_Order_Admitting_Richard_G_Novak_Pro_Hac_Vice.pdf
OK   026    303744 026_2025-09-28_Supplemental_Exhibit_to_Motion_and_Consent_of_Sponsoring_Local_Counsel_for_Pro_Hac_Vice_Admission_of.pdf
OK   027    209571 027_2025-09-28_Supplemental_Exhibit_to_Motion_and_Consent_of_Sponsoring_Local_Counsel_for_Pro_Hac_Vice_Admission_of.pdf
OK   028    295268 028_2025-09-28_Supplemental_Exhibit_to_Rule_8_Declaration_of_Michael_N_Burt.pdf
OK   029    318219 029_2025-09-28_Supplemental_Exhibit_to_Rule_8_Declaration_of_Richard_G_Novak.pdf
OK   030    146974 030_2025-09-30_Appearance_of_Counsel_Notice_of_Limited_Appearance_of_Counsel.pdf
OK   031    147485 031_2025-09-30_Appearance_of_Counsel_Notice_of_Limited_Appearance_of_Counsel.pdf
OK   032    147938 032_2025-09-30_Appearance_of_Counsel_Notice_of_Limited_Appearance_of_Counsel.pdf
OK   033    146466 033_2025-09-30_Appearance_of_Counsel_Notice_of_Limited_Appearance_of_Counsel.pdf
OK   034    147438 034_2025-09-30_Appearance_of_Counsel_Notice_of_Limited_Appearance_of_Counsel.pdf
OK   035    272479 035_2025-09-30_Request_for_Discovery.pdf
OK   036    726584 036_2025-10-01_Telephonic_Conference.pdf
OK   037    726450 037_2025-10-01_Telephonic_Conference.pdf
OK   038    122011 038_2025-09-29_Request_and_Order_for_Electronic_Media_Coverage_of_Court_Proceedings.pdf
OK   039    101426 039_2025-10-06_Request_for_Audio_Recording.pdf
OK   040    120077 040_2025-10-08_Copy_of_Video_Audio_Record_completed.pdf
OK   041    128484 041_2025-10-08_Motion_to_Preserve_Evidence.pdf
OK   042    162710 042_2025-10-09_Motion_Permission_to_File_Overlength_Motion_to_Appear_in_Civilian_Clothes_and_Without_Restraints.pdf
OK   043    142511 043_2025-10-09_Request_Notice_to_Submit_Motion_for_Permission_to_File_Overlength_Motion_to_Appear_in_Civilian_Cloth.pdf
OK   044    521409 044_2025-10-09_Motion_Hearing_Requested_to_Appear_at_All_In_Person_Proceedings_in_Civilian_Clothing_and_Without_Res.pdf
OK   045    141473 045_2025-10-09_Order_Proposed_Temporary_Order_Allowing_Appearance_in_Civilian_Clothing_and_Without_Restraints.pdf
OK   046    132804 046_2025-10-13_Appearance_of_Counsel_Notice_of_Limited_Appearance.pdf
OK   047    182677 047_2025-10-13_Motion_for_Discovery_Protective_Order_Stipulated.pdf
OK   048    364821 048_2025-10-14_Interim_Order_Defendant_s_Motion_to_Appear_in_Civilian_Clothing_and_Without_Restraints.pdf
OK   049    101589 049_2025-10-14_Appearance_of_Counsel_Notice_of_Limited_Appearance_Richard_Novak.pdf
OK   050    808643 050_2025-10-15_Discovery_Protective_Order.pdf
OK   051    104795 051_2025-10-20_Motion_to_Classify_as_Private_the_Response_to_Defendant_s_Motion_to_Appear_in_Civilian_Clothing.pdf
OK   052    754374 052_2025-10-20_Order_Granting_Motion_to_Classify_as_Private_the_Response_to_Defendant_s_Motion_to_Appear_in_Civilia.pdf
OK   053    763408 053_2025-10-20_Order_Granting_Motion_to_Preserve_Evidence.pdf
OK   054    491744 054_2025-10-21_Motion_to_Strike_Response_to_Defendant_s_Motion_to_Appear_at_All_In_Person_Proceedings_in_Civilian_C.pdf
OK   055    134170 055_2025-10-21_Order_to_Transport.pdf
OK   056    246444 056_2025-10-22_Defendant_s_Opposition_to_the_State_of_Utah_s_Motion_under_Utah_Rule_of_Criminal_Procedure_17_5.pdf
OK   057    179766 057_2025-10-22_Motion_to_Set_Aside_October_20_2025_Order_Granting_Motion_to_Preserve_Evidence.pdf
OK   058    187822 058_2025-10-22_Response_to_Defendant_s_Motion_to_Preserve_Evidence.pdf
OK   059    194308 059_2025-10-22_Opposition_to_Motion_to_Strike_Response_to_Defendant_s_Motion_to_Appear_at_All_In_Person_Proceedings.pdf
OK   060    402999 060_2025-10-22_Reply_in_Support_of_Motion_re_Restraints_and_Civilian_Clothing.pdf
OK   061    400229 061_2025-10-23_Reply_in_Support_of_Motion_to_Strike_Response_to_Defendant_s_Motion_to_Appear_at_all_In_Person_Proce.pdf
OK   062    125680 062_2025-10-23_Request_and_Order_for_Electronic_Media_Coverage_of_Court_Proceedings.pdf
